// Jest Snapshot v1, https://goo.gl/fbAQLP

exports[`LoginComponent should render <Login /> 1`] = `
Array [
  <section
    className="Login"
>
    <CardImage
        bg="https://images.unsplash.com/photo-1475483768296-6163e08872a1?ixlib=rb-0.3.5&ixid=eyJhcHBfaWQiOjEyMDd9&s=14704e761ba133f2fb71ec6a8e6e8e07&auto=format&fit=crop&w=1050&q=80"
        title="Welcome to react-phonebook!"
    />
    <div
        className="Login-google"
    >
        <GoogleSvg />
        <RaisedButton
            disabled={false}
            fullWidth={false}
            label="Login"
            labelPosition="after"
            primary={false}
            secondary={false}
        />
    </div>
</section>,
]
`;
